// Jest Snapshot v1, https://goo.gl/fbAQLP

exports[`Depots render test 1`] = `
<DocumentFragment>
  <div
    data-testid="depotsPage"
  >
    <div
      class="accordion"
    />
  </div>
</DocumentFragment>
`;
