// Jest Snapshot v1, https://goo.gl/fbAQLP

exports[`Depot's details render test 1`] = `
<DocumentFragment>
  <section
    data-testid="depotDetails"
  />
</DocumentFragment>
`;
