// Jest Snapshot v1, https://goo.gl/fbAQLP

exports[`renders Create Parcel page correctly 1`] = `
<DocumentFragment>
  <div
    class="createParcel"
    data-testid="createParcelTest"
  >
    <div
      class="container"
    >
      <h3
        class="text-center text-light"
      >
         Add a new parcel 
      </h3>
      <form
        class=""
      >
        <div
          class="mb-3 input-group"
        >
          <span
            class="input-group-text"
            id="basic-addon1"
          >
            Parcel no
          </span>
          <input
            aria-describedby="basic-addon1"
            aria-label="parcel_no"
            class="form-control form-control-sm"
            data-testid="parcelNo-input"
            name="parcel_no"
            type="text"
            value="0"
          />
        </div>
        <div
          class="mb-3 input-group"
        >
          <span
            class="input-group-text"
            id="basic-addon1"
          >
            Parcel Weight(kg)
          </span>
          <input
            aria-describedby="basic-addon1"
            aria-label="parcel_weight"
            class="form-control form-control-sm"
            data-testid="parcelWeight-input"
            name="parcel_weight"
            type="text"
            value="0"
          />
        </div>
        <div
          class="mb-3 input-group"
        >
          <span
            class="input-group-text"
            id="basic-addon1"
          >
            Status
          </span>
          <input
            aria-describedby="basic-addon1"
            aria-label="status"
            class="form-control form-control-sm"
            data-testid="status-input"
            name="status"
            type="text"
            value=""
          />
        </div>
        <div
          class="mb-3 input-group"
        >
          <span
            class="input-group-text"
            id="basic-addon1"
          >
            Estimated delivery (in days) 
          </span>
          <input
            aria-describedby="basic-addon1"
            aria-label="estimated_delivery_days"
            class="form-control form-control-sm"
            data-testid="edd-input"
            name="estimated_delivery_days"
            type="text"
            value="0"
          />
        </div>
        <button
          class="createButton btn btn-primary"
          data-testid="createButton"
          type="submit"
        >
          Add New Parcel
        </button>
        <p />
      </form>
    </div>
  </div>
</DocumentFragment>
`;
