// Jest Snapshot v1, https://goo.gl/fbAQLP

exports[`Renders Delete Drivers Page Correctly 1`] = `
<DocumentFragment>
  <div
    class="delete-driver"
    data-testid="delete-driver-test"
  >
    <div
      class="card-group"
    >
      <div
        class="card"
      >
        <div
          class="card-body"
        >
          <div
            class="card-title h5"
          >
             Â  
          </div>
          <p
            class="card-text"
          />
        </div>
        <div
          class="card-footer"
        >
          <button
            class="btn btn-primary"
            type="button"
          >
            Confirm Delete
          </button>
        </div>
      </div>
    </div>
  </div>
</DocumentFragment>
`;
