// Jest Snapshot v1, https://goo.gl/fbAQLP

exports[`Renders Drivers Page Correctly 1`] = `
<DocumentFragment>
  <div
    class="drivers"
    data-testid="drivers-page"
  >
    <div
      class="accordion"
    />
  </div>
</DocumentFragment>
`;
